******************************************************************************
              TMS320C55x Linker PC v4.4.1                      
******************************************************************************
>> Linked Sun Sep 11 12:57:37 2022

OUTPUT FILE NAME:   <Przetwarzanie_sygnalow.out>
ENTRY POINT SYMBOL: "_c_int00"  address: 000311a5


MEMORY CONFIGURATION

         name            origin    length      used     unused   attr    fill
                        (bytes)   (bytes)    (bytes)   (bytes)
----------------------  --------  ---------  --------  --------  ----  --------
  MMR                   00000000   000000c0  00000000  000000c0  RW  
  VEC                   000000c0   00000300  00000200  00000100  R  X
  DARAM                 00000400   0000fbff  00000000  0000fbff  RW  
  SARAM                 00010000   0003e000  0002c230  00011dd0  RW  


SECTION ALLOCATION MAP
(Addresses surrounded by []'s are displayed for convenience only!)

output                                                          attributes/
section   page  orgn(bytes) orgn(words) len(bytes) len(words)   input sections
--------  ----  ----------- ----------- ---------- ----------   --------------
vectors      0     00000100  [ 00000080 ] 00000200          *   NOLOAD SECTION
                   00000100  [ 00000080 ] 00000100          *   rts55x.lib : vectors.obj (vectors)
                   00000200  [ 00000100 ] 00000100          *   vectors.obj (vectors)

.text        0     00010000  [ 00008000 ] 000212d8          *   
                   00010000  [ 00008000 ] 0000451b          *   csl_mmcsd.obj (.text)
                   0001451b  [ 0000a28d+] 00002dd0          *   csl_msc.obj (.text)
                   000172eb  [ 0000b975+] 000029ff          *   csl_sdio.obj (.text)
                   00019cea  [ 0000ce75 ] 0000255d          *   csl_usb.obj (.text)
                   0001c247  [ 0000e123+] 00001f50          *   csl_dma.obj (.text)
                   0001e197  [ 0000f0cb+] 00001a48          *   csl_emif.obj (.text)
                   0001fbdf  [ 0000fdef+] 000015a4          *   rts55x.lib : _printfi.obj (.text)
                   00021183  [ 000108c1+] 000010b9          *   csl_uart.obj (.text)
                   0002223c  [ 0001111e ] 00000eef          *   csl_cdc.obj (.text)
                   0002312b  [ 00011895+] 00000edb          *   rts55x.lib : _scanfi.obj (.text)
                   00024006  [ 00012003 ] 00000e99          *   csl_audioClass.obj (.text)
                   00024e9f  [ 0001274f+] 00000e8f          *   csl_i2c.obj (.text)
                   00025d2e  [ 00012e97 ] 00000dbe          *   csl_dat.obj (.text)
                   00026aec  [ 00013576 ] 00000d01          *   csl_mmcsd_ataIf.obj (.text)
                   000277ed  [ 00013bf6+] 00000b18          *   csl_sar.obj (.text)
                   00028305  [ 00014182+] 00000997          *   csl_i2s.obj (.text)
                   00028c9c  [ 0001464e ] 00000895          *   csl_rtc.obj (.text)
                   00029531  [ 00014a98+] 000007d5          *   csl_lcdc.obj (.text)
                   00029d06  [ 00014e83 ] 00000746          *   oled.obj (.text)
                   0002a44c  [ 00015226 ] 0000068d          *   csl_gpio.obj (.text)
                   0002aad9  [ 0001556c+] 00000543          *   rts55x.lib : lowlev.obj (.text)
                   0002b01c  [ 0001580e ] 00000528          *              : trgdrv.obj (.text)
                   0002b544  [ 00015aa2 ] 00000521          *   csl_spi.obj (.text)
                   0002ba65  [ 00015d32+] 00000508          *   csl_intc.obj (.text)
                   0002bf6d  [ 00015fb6+] 000004b5          *   rts55x.lib : memory.obj (.text)
                   0002c422  [ 00016211 ] 000003d1          *   platform.obj (.text)
                   0002c7f3  [ 000163f9+] 000003cc          *   rts55x.lib : divd.obj (.text)
                   0002cbbf  [ 000165df+] 00000369          *   codec_3206.obj (.text)
                   0002cf28  [ 00016794 ] 00000360          *   csl_pll.obj (.text)
                   0002d288  [ 00016944 ] 0000033e          *   csl_mem.obj (.text)
                   0002d5c6  [ 00016ae3 ] 00000301          *   rts55x.lib : strtoll.obj (.text)
                   0002d8c7  [ 00016c63+] 000002eb          *   csl_gpt.obj (.text)
                   0002dbb2  [ 00016dd9 ] 000002c6          *   main.obj (.text)
                   0002de78  [ 00016f3c ] 000002bd          *   rts55x.lib : strtod.obj (.text)
                   0002e135  [ 0001709a+] 0000029f          *              : strtold.obj (.text)
                   0002e3d4  [ 000171ea ] 0000027f          *              : fopen.obj (.text)
                   0002e653  [ 00017329+] 0000025e          *   csl_sysctrl.obj (.text)
                   0002e8b1  [ 00017458+] 0000025e          *   rts55x.lib : llmpy.obj (.text)
                   0002eb0f  [ 00017587+] 0000025c          *   csl_wdt.obj (.text)
                   0002ed6b  [ 000176b5+] 0000025a          *   rts55x.lib : addd.obj (.text)
                   0002efc5  [ 000177e2+] 0000024b          *              : strtoull.obj (.text)
                   0002f210  [ 00017908 ] 00000208          *              : strtol.obj (.text)
                   0002f418  [ 00017a0c ] 000001ea          *              : cmpd.obj (.text)
                   0002f602  [ 00017b01 ] 000001d1          *              : strtoul.obj (.text)
                   0002f7d3  [ 00017be9+] 0000018d          *   csl_uhpi.obj (.text)
                   0002f960  [ 00017cb0 ] 00000164          *   evm5515_gpio.obj (.text)
                   0002fac4  [ 00017d62 ] 00000163          *   rts55x.lib : fputs.obj (.text)
                   0002fc27  [ 00017e13+] 00000161          *              : fscanf.obj (.text)
                   0002fd88  [ 00017ec4 ] 0000014c          *              : mpyd.obj (.text)
                   0002fed4  [ 00017f6a ] 00000129          *   evm5515_i2c.obj (.text)
                   0002fffd  [ 00017ffe+] 000000e6          *   rts55x.lib : setvbuf.obj (.text)
                   000300e3  [ 00018071+] 000000e4          *   led.obj (.text)
                   000301c7  [ 000180e3+] 000000dd          *   rts55x.lib : _io_perm.obj (.text)
                   000302a4  [ 00018152 ] 000000c2          *              : fflush.obj (.text)
                   00030366  [ 000181b3 ] 000000ba          *              : trgmsg.obj (.text:CIO_breakpoint)
                   00030420  [ 00018210 ] 000000b1          *   system_init.obj (.text)
                   000304d1  [ 00018268+] 000000ae          *   rts55x.lib : _bufread.obj (.text)
                   0003057f  [ 000182bf+] 000000ab          *   button.obj (.text)
                   0003062a  [ 00018315 ] 000000a6          *   rts55x.lib : fputc.obj (.text)
                   000306d0  [ 00018368 ] 000000a1          *              : divul.obj (.text)
                   00030771  [ 000183b8+] 0000009b          *              : fgetc.obj (.text)
                   0003080c  [ 00018406 ] 0000009a          *              : ungetc.obj (.text)
                   000308a6  [ 00018453 ] 0000008c          *   csl_irqplug.obj (.text)
                   00030932  [ 00018499 ] 0000007d          *   rts55x.lib : ltoa.obj (.text)
                   000309af  [ 000184d7+] 0000007b          *              : fclose.obj (.text)
                   00030a2a  [ 00018515 ] 00000076          *              : frcmpyd.obj (.text)
                   00030aa0  [ 00018550 ] 00000073          *              : frcmpyd_div.obj (.text)
                   00030b13  [ 00018589+] 00000072          *              : remul.obj (.text)
                   00030b85  [ 000185c2+] 0000006f          *              : fixdli.obj (.text)
                   00030bf4  [ 000185fa ] 0000006e          *   i2c_probe.obj (.text)
                   00030c62  [ 00018631 ] 0000006d          *   rts55x.lib : trgmsg.obj (.text)
                   00030ccf  [ 00018667+] 0000006d          *   vectors.obj (.text)
                   00030d3c  [ 0001869e ] 0000006b          *   rts55x.lib : fseek.obj (.text)
                   00030da7  [ 000186d3+] 0000006a          *              : vsprintf.obj (.text)
                   00030e11  [ 00018708+] 00000067          *              : fltlid.obj (.text)
                   00030e78  [ 0001873c ] 0000005c          *              : atoi.obj (.text)
                   00030ed4  [ 0001876a ] 00000054          *   evm5515.obj (.text)
                   00030f28  [ 00018794 ] 00000050          *   rts55x.lib : printf.obj (.text)
                   00030f78  [ 000187bc ] 0000004d          *              : autoinit.obj (.text)
                   00030fc5  [ 000187e2+] 0000004b          *              : args_main.obj (.text)
                   00031010  [ 00018808 ] 0000004b          *              : remli.obj (.text)
                   0003105b  [ 0001882d+] 00000049          *   main.obj (.text:retain)
                   000310a4  [ 00018852 ] 00000048          *   rts55x.lib : divli.obj (.text)
                   000310ec  [ 00018876 ] 0000003f          *              : memcpy.obj (.text)
                   0003112b  [ 00018895+] 0000003e          *              : exit.obj (.text)
                   00031169  [ 000188b4+] 0000003c          *              : idiv.obj (.text)
                   000311a5  [ 000188d2+] 00000034          *              : boot.obj (.text)
                   000311d9  [ 000188ec+] 0000002a          *              : fixdi.obj (.text)
                   00031203  [ 00018901+] 0000002a          *              : udiv.obj (.text)
                   0003122d  [ 00018916+] 00000023          *              : memccpy.obj (.text)
                   00031250  [ 00018928 ] 0000001a          *              : isinf.obj (.text)
                   0003126a  [ 00018935 ] 00000014          *              : subd.obj (.text)
                   0003127e  [ 0001893f ] 00000013          *              : lmpy.obj (.text)
                   00031291  [ 00018948+] 00000012          *              : _lock.obj (.text)
                   000312a3  [ 00018951+] 00000011          *              : strlen.obj (.text)
                   000312b4  [ 0001895a ] 00000010          *              : negd.obj (.text)
                   000312c4  [ 00018962 ] 0000000a          *              : remove.obj (.text)
                   000312ce  [ 00018967 ] 00000007          *              : exit.obj (.text:CIO_breakpoint)
                   000312d5  [ 0001896a+] 00000002          *              : vectors.obj (.text)
                   000312d7  [ 0001896b ] 00000001          *   --HOLE-- [fill = 20]

.data        0   [ 00010000 ]  00008000          *   00000000   UNINITIALIZED

.sysmem      0   [ 000312d8 ]  0001896c          *   00001fc0   UNINITIALIZED
                 [ 000312d8 ]  0001896c          *   00001fc0   --HOLE--

.bss         0   [ 00035258 ]  0001a92c          *   00001e0a   
                 [ 00035258 ]  0001a92c          *   00000d24   csl_mmcsd_ataIf.obj (.bss) [fill = 0]
                 [ 00036ca0 ]  0001b650          *   00000830   main.obj (.bss) [fill = 0]
                 [ 00037d00 ]  0001be80          *   00000472   csl_usb.obj (.bss) [fill = 0]
                 [ 000385e4 ]  0001c2f2          *   00000119   rts55x.lib : defs.obj (.bss) [fill = 0]
                 [ 00038816 ]  0001c40b          *   00000001   csl_cdc.obj (.bss) [fill = 0]
                 [ 00038818 ]  0001c40c          *   000000de   platform.obj (.bss) [fill = 0]
                 [ 000389d4 ]  0001c4ea          *   000000d0   rts55x.lib : trgdrv.obj (.bss) [fill = 0]
                 [ 00038b74 ]  0001c5ba          *   00000084   csl_intc.obj (.bss) [fill = 0]
                 [ 00038c7c ]  0001c63e          *   00000071   rts55x.lib : lowlev.obj (.bss) [fill = 0]
                 [ 00038d5e ]  0001c6af          *   0000002a   csl_i2s.obj (.bss) [fill = 0]
                 [ 00038db2 ]  0001c6d9          *   00000001   evm5515_i2c.obj (.bss) [fill = 0]
                 [ 00038db4 ]  0001c6da          *   00000024   csl_mmcsd.obj (.bss) [fill = 0]
                 [ 00038dfc ]  0001c6fe          *   00000012   csl_i2c.obj (.bss) [fill = 0]
                 [ 00038e20 ]  0001c710          *   0000000e   oled.obj (.bss) [fill = 0]
                 [ 00038e3c ]  0001c71e          *   00000006   rts55x.lib : memory.obj (.bss) [fill = 0]
                 [ 00038e48 ]  0001c724          *   00000004              : _lock.obj (.bss) [fill = 0]
                 [ 00038e50 ]  0001c728          *   00000004              : exit.obj (.bss) [fill = 0]
                 [ 00038e58 ]  0001c72c          *   00000003   csl_spi.obj (.bss) [fill = 0]
                 [ 00038e5e ]  0001c72f          *   00000003   csl_sysctrl.obj (.bss) [fill = 0]
                 [ 00038e64 ]  0001c732          *   00000002   codec_3206.obj (.bss) [fill = 0]
                 [ 00038e68 ]  0001c734          *   00000001   rts55x.lib : errno.obj (.bss) [fill = 0]
                 [ 00038e6a ]  0001c735          *   00000001              : fopen.obj (.bss) [fill = 0]

.stack       0   [ 00038e6c ]  0001c736          *   00000800   UNINITIALIZED
                 [ 00038e6c ]  0001c736          *   00000800   --HOLE--

.sysstack 
*            0   [ 00039e6c ]  0001cf36          *   00000800   UNINITIALIZED
                 [ 00039e6c ]  0001cf36          *   00000800   --HOLE--

.const       0   [ 0003ae6c ]  0001d736          *   0000072c   
                 [ 0003ae6c ]  0001d736          *   000001dc   oled.obj (.const:_arial_8ptBitmaps)
                 [ 0003b224 ]  0001d912          *   0000011d   oled.obj (.const:_arial_8ptDescriptors)
                 [ 0003b45e ]  0001da2f          *   00000101   rts55x.lib : ctype.obj (.const:__ctypes_)
                 [ 0003b660 ]  0001db30          *   000000c9   platform.obj (.const:.string)
                 [ 0003b7f2 ]  0001dbf9          *   00000001   --HOLE-- [fill = 0]
                 [ 0003b7f4 ]  0001dbfa          *   0000007b   csl_cdc.obj (.const:.string)
                 [ 0003b8ea ]  0001dc75          *   00000001   --HOLE-- [fill = 0]
                 [ 0003b8ec ]  0001dc76          *   0000003c   main.obj (.const:.string)
                 [ 0003b964 ]  0001dcb2          *   0000003b   oled.obj (.const:.string)
                 [ 0003b9da ]  0001dced          *   00000001   --HOLE-- [fill = 0]
                 [ 0003b9dc ]  0001dcee          *   00000030   codec_3206.obj (.const:.string)
                 [ 0003ba3c ]  0001dd1e          *   0000002b   i2c_probe.obj (.const:.string)
                 [ 0003ba92 ]  0001dd49          *   00000001   --HOLE-- [fill = 0]
                 [ 0003ba94 ]  0001dd4a          *   00000024   rts55x.lib : _printfi.obj (.const:.string)
                 [ 0003badc ]  0001dd6e          *   0000001e   button.obj (.const:.string)
                 [ 0003bb18 ]  0001dd8c          *   0000001c   system_init.obj (.const:.string)
                 [ 0003bb50 ]  0001dda8          *   00000018   led.obj (.const:.string)
                 [ 0003bb80 ]  0001ddc0          *   00000014   rts55x.lib : strtod.obj (.const:_digits)
                 [ 0003bba8 ]  0001ddd4          *   00000014              : strtold.obj (.const:_digits)
                 [ 0003bbd0 ]  0001dde8          *   00000012   csl_audioClass.obj (.const:.string)
                 [ 0003bbf4 ]  0001ddfa          *   00000012   csl_msc.obj (.const:.string)
                 [ 0003bc18 ]  0001de0c          *   0000000c   rts55x.lib : strtod.obj (.const:_powerof10)
                 [ 0003bc30 ]  0001de18          *   0000000c              : strtold.obj (.const:_powerof10)
                 [ 0003bc48 ]  0001de24          *   0000000c              : _printfi.obj (.const)
                 [ 0003bc60 ]  0001de30          *   00000008   oled.obj (.const:_arial_8ptFontInfo)
                 [ 0003bc70 ]  0001de38          *   00000008   rts55x.lib : divd.obj (.const:_initial_approx$1)
                 [ 0003bc80 ]  0001de40          *   00000008              : strtod.obj (.const)
                 [ 0003bc90 ]  0001de48          *   00000008              : strtold.obj (.const)
                 [ 0003bca0 ]  0001de50          *   00000007              : _scanfi.obj (.const:_flit$1)
                 [ 0003bcae ]  0001de57          *   00000006              : _scanfi.obj (.const:_barr$2)
                 [ 0003bcba ]  0001de5d          *   00000001   --HOLE-- [fill = 0]
                 [ 0003bcbc ]  0001de5e          *   00000002              : fputs.obj (.const:.string)
                 [ 0003bcc0 ]  0001de60          *   00000002              : fltlid.obj (.const)

.cio         0   [ 0003bcc8 ]  0001de64          *   00000120   UNINITIALIZED
                 [ 0003bcc8 ]  0001de64          *   00000120   rts55x.lib : trgmsg.obj (.cio)

.switch      0   [ 0003bf08 ]  0001df84          *   000000de   
                 [ 0003bf08 ]  0001df84          *   00000022   csl_sdio.obj (.switch:_SDIO_eventDisable)
                 [ 0003bf4c ]  0001dfa6          *   00000022   csl_sdio.obj (.switch:_SDIO_eventEnable)
                 [ 0003bf90 ]  0001dfc8          *   00000020   csl_dma.obj (.switch:_DMA_config)
                 [ 0003bfd0 ]  0001dfe8          *   00000020   csl_dma.obj (.switch:_DMA_getConfig)
                 [ 0003c010 ]  0001e008          *   00000020   csl_dma.obj (.switch:_DMA_reset)
                 [ 0003c050 ]  0001e028          *   00000018   csl_usb.obj (.switch:_USB_coreEventProcessEp0)
                 [ 0003c080 ]  0001e040          *   00000012   csl_sysctrl.obj (.switch:_SYS_setEBSR)
                 [ 0003c0a4 ]  0001e052          *   00000010   csl_msc.obj (.switch:_MSC_Bulk)

.cinit       0   [ 0003c0c4 ]  0001e062          *   000000b8   
                 [ 0003c0c4 ]  0001e062          *   0000002d   rts55x.lib : lowlev.obj (.cinit)
                 [ 0003c11e ]  0001e08f          *   0000002a              : defs.obj (.cinit)
                 [ 0003c172 ]  0001e0b9          *   00000023   csl_mmcsd_ataIf.obj (.cinit)
                 [ 0003c1b8 ]  0001e0dc          *   0000000a   rts55x.lib : _lock.obj (.cinit)
                 [ 0003c1cc ]  0001e0e6          *   0000000a              : exit.obj (.cinit)
                 [ 0003c1e0 ]  0001e0f0          *   00000008   csl_i2s.obj (.cinit)
                 [ 0003c1f0 ]  0001e0f8          *   00000005   codec_3206.obj (.cinit)
                 [ 0003c1fa ]  0001e0fd          *   00000004   csl_cdc.obj (.cinit)
                 [ 0003c202 ]  0001e101          *   00000004   evm5515_i2c.obj (.cinit)
                 [ 0003c20a ]  0001e105          *   00000004   main.obj (.cinit)
                 [ 0003c212 ]  0001e109          *   00000004   platform.obj (.cinit)
                 [ 0003c21a ]  0001e10d          *   00000004   rts55x.lib : errno.obj (.cinit)
                 [ 0003c222 ]  0001e111          *   00000004              : fopen.obj (.cinit)
                 [ 0003c22a ]  0001e115          *   00000004              : memory.obj (.cinit)
                 [ 0003c232 ]  0001e119          *   00000001   --HOLE-- [fill = 0]


GLOBAL SYMBOLS: SORTED ALPHABETICALLY BY Name 

abs. value/
byte addr   word addr   name
---------   ---------   ----
00000002                $TI_capability$C5500$CallingConvention
00000002                $TI_capability$C5500$MemoryModel
00000001                $TI_capability_requires_rev3
            0001a92c    .bss
            00008000    .data
00010000                .text
000312cf                C$$EXIT
0003041b                C$$IO$$
00031169                I$$DIV
0003127e                I$$LMPY
00031188                I$$MOD
00031203                I$$UDIV
00031218                I$$UMOD
00000200                RST
000243e2                _AC_Close
0002441a                _AC_Ctrl
000246ae                _AC_GetactivityFlagStatus
000246c8                _AC_GetsuspendFlagStatus
00024610                _AC_Iso
0002407e                _AC_Open
000246df                _AC_initDescriptors
00024c49                _AC_reqGetCurrent
00024990                _AC_reqGetDescriptor
00024d56                _AC_reqGetMaximum
00024d0e                _AC_reqGetMinimum
00024d9e                _AC_reqGetResolution
00024b6c                _AC_reqSetCurrent
00024de6                _AC_reqSetInterface
0002ccf5                _AIC3206_write
            0001b64f    _ATA_No_Swap
0002c422                _C55x_delay_msec
0002c64c                _C55x_getSysClk
0002c4c7                _C55x_msgRead
0002c4af                _C55x_msgReadConfigure
0002c583                _C55x_msgWrite
0002c56b                _C55x_msgWriteConfigure
00029d06                _C55x_wait
000226d2                _CDC_Close
0002270a                _CDC_GetactivityFlagStatus
00022721                _CDC_GetsuspendFlagStatus
000222fb                _CDC_Open
0002238b                _CDC_OpenFullspeed
00022429                _CDC_Setup
00022bb6                _CDC_bulkInHandler
00022a56                _CDC_bulkOutHandler
00022738                _CDC_eventHandler
00022eac                _CDC_getData
00022f3a                _CDC_putData
00025e05                _DAT_close
00025f99                _DAT_copy
00026493                _DAT_fill
00025d2e                _DAT_open
000269a3                _DAT_wait
0001c36a                _DMA_close
0001c389                _DMA_config
0001d45d                _DMA_getConfig
0001e0eb                _DMA_getLastTransferType
0001c247                _DMA_init
0001c27e                _DMA_open
0001dd8a                _DMA_reset
0001db7c                _DMA_start
0001dc89                _DMA_stop
0001e076                _DMA_swapWords
0001e885                _EMIF_asyncConfig
0001e197                _EMIF_init
0001fb80                _EMIF_intrClear
0001fa5f                _EMIF_intrDisable
0001fa00                _EMIF_intrEnable
0001fabe                _EMIF_intrReadAT
0001fafd                _EMIF_intrReadLT
0001fb3e                _EMIF_intrReadWR
0002fa6c                _EVM5515_GPIO_getInput
0002f960                _EVM5515_GPIO_init
0002f964                _EVM5515_GPIO_setDirection
0002f9ef                _EVM5515_GPIO_setOutput
0002fef3                _EVM5515_I2C_close
0002fed4                _EVM5515_I2C_init
0002ff84                _EVM5515_I2C_read
0002fefc                _EVM5515_I2C_reset
0002ff0a                _EVM5515_I2C_write
00030f1a                _EVM5515_init
00030ed4                _EVM5515_wait
00030f08                _EVM5515_waitusec
            0001c718    _FontBitmap
            0001c71a    _FontDescriptors
            0001c71c    _FontInfo
0002a937                _GPIO_clearInt
0002a490                _GPIO_close
0002a4b4                _GPIO_config
0002a6e7                _GPIO_configBit
0002a82f                _GPIO_disableInt
0002a8ad                _GPIO_enableInt
0002a539                _GPIO_getConfig
0002a44c                _GPIO_open
0002a5c1                _GPIO_read
0002aa4a                _GPIO_reset
0002a9c3                _GPIO_statusBit
0002a644                _GPIO_write
0002da04                _GPT_close
0002db0b                _GPT_config
0002dad0                _GPT_getCnt
0002d8c7                _GPT_open
0002d98a                _GPT_reset
0002da79                _GPT_start
0002daa6                _GPT_stop
0002b4e6                _HOSTclock
0002b47b                _HOSTclose
0002b3c6                _HOSTlseek
0002b327                _HOSTopen
0002b29a                _HOSTread
0002b1ec                _HOSTrename
0002b18e                _HOSTtime
0002b124                _HOSTunlink
0002b097                _HOSTwrite
00024f48                _I2C_config
00025b66                _I2C_eventDisable
00025a32                _I2C_eventEnable
000250ad                _I2C_getConfig
00025d12                _I2C_getEventId
00024e9f                _I2C_init
000255d0                _I2C_read
00025c85                _I2C_setCallback
00025183                _I2C_setup
0002537d                _I2C_write
000286eb                _I2S_close
00028305                _I2S_open
00028796                _I2S_read
0002cc21                _I2S_readLeft
0002cc80                _I2S_readRight
00028ba6                _I2S_reset
00028404                _I2S_setup
00028c51                _I2S_transEnable
00028a50                _I2S_write
0002cc53                _I2S_writeLeft
0002cca1                _I2S_writeRight
0002baed                _IRQ_clear
0002bb40                _IRQ_clearAll
0002bb50                _IRQ_config
0002bc5d                _IRQ_disable
0002bcdb                _IRQ_disableAll
0002bce9                _IRQ_enable
0002bde3                _IRQ_getArg
0002bbd5                _IRQ_getConfig
0002bf27                _IRQ_globalDisable
0002bf40                _IRQ_globalEnable
0002bf59                _IRQ_globalRestore
0002ba65                _IRQ_init
0002be58                _IRQ_map
000308a6                _IRQ_plug
0002bd73                _IRQ_restore
0002be27                _IRQ_setArg
0002be84                _IRQ_setVecs
0002beb5                _IRQ_test
00029ce6                _LCD_close
00029996                _LCD_configDMA
00029531                _LCD_init
00029552                _LCD_open
00029594                _LCD_setup
0002d45a                _MEM_disablePartialRetentionMode
0002d2cf                _MEM_disableRetentionMode
0002d312                _MEM_enablePartialRetentionMode
0002d28c                _MEM_enableRetentionMode
0002d5b5                _MEM_getmSDRAMClock
0002d288                _MEM_init
0002d57c                _MEM_setmSDRAMClock
00013445                _MMC_bootModeRead
00013d2b                _MMC_bootPartitionDisable
00013cb1                _MMC_bootPartitionEnable
0002777d                _MMC_busyStatusCheck
00013b26                _MMC_checkReadDmaDone
00010358                _MMC_clearResponse
0001023e                _MMC_close
00027767                _MMC_commandReadyStatusCheck
00010a7f                _MMC_config
00014467                _MMC_configFifo
00027772                _MMC_dataReadyStatusCheck
00010d72                _MMC_deselectCard
00013c58                _MMC_disableBootPartitionAccess
000108a2                _MMC_drrdy
000108ea                _MMC_dxrdy
00013dc7                _MMC_enableBootMode
00013be9                _MMC_enableBootPartitionAccess
000106ca                _MMC_eventDisable
000104ce                _MMC_eventEnable
00027796                _MMC_file_system_format
000277bc                _MMC_flushFat
00013df8                _MMC_getBootPartitionSize
00011787                _MMC_getCardCsd
00013e95                _MMC_getCardExtCsd
00013991                _MMC_getCardStatus
00010b19                _MMC_getConfig
00010322                _MMC_getNumberOfCards
00027788                _MMC_getSerialID
0001096d                _MMC_getStatus
000277b4                _MMC_get_date
000277b8                _MMC_get_mod_date
000277b0                _MMC_get_mod_time
000277ac                _MMC_get_time
00010475                _MMC_ierDisable
00010431                _MMC_ierEnable
00010000                _MMC_init
00014398                _MMC_initCtrl
00026aec                _MMC_initState
000104a6                _MMC_intEnable
00026f4d                _MMC_issueReadCommand
00010027                _MMC_open
0001215b                _MMC_read
0002747a                _MMC_readNSectors
00027319                _MMC_readNextNWords
00027238                _MMC_readNextWord
000272a7                _MMC_readNextWord1
00026c2f                _MMC_readWriteControl
00027684                _MMC_read_CID
000276f0                _MMC_read_CSD
000277a1                _MMC_reset
0001092f                _MMC_saveStatus
00010e02                _MMC_selectCard
00011439                _MMC_sendAllCID
00010bb6                _MMC_sendCmd
00010c93                _MMC_sendGoIdle
00011229                _MMC_sendOpCond
00013d84                _MMC_sendSwitchCmd
00013795                _MMC_setBlockLength
00013e2b                _MMC_setBootBusWidth
000102e2                _MMC_setCallBack
000102b0                _MMC_setCardPtr
0001027d                _MMC_setCardType
000135e4                _MMC_setDataTransferCallback
00013633                _MMC_setDmaChanConfig
00013584                _MMC_setDmaHandle
00014324                _MMC_setEMMCBusWidth
00013710                _MMC_setEndianMode
000112cd                _MMC_setRca
000137e3                _MMC_setWriteBlkEraseCnt
000109ce                _MMC_setupNative
00010cf2                _MMC_stop
000129eb                _MMC_write
0002756d                _MMC_writeNSectors
00027387                _MMC_writeSector
0002775c                _MMC_writeSectorFlush
00015703                _MSC_Bulk
000152e6                _MSC_Close
0001550d                _MSC_Ctrl
00015fb2                _MSC_ExecuteRead
0001639e                _MSC_ExecuteWrite
00015807                _MSC_GetLunLockedStatus
00015835                _MSC_GetactivityFlagStatus
0001584f                _MSC_GetsuspendFlagStatus
00016b6e                _MSC_HandlePreventAllowMediaRemoval
00016d11                _MSC_HandleReadCapacity
00015d08                _MSC_HandleStateWaitForCBW
0001694b                _MSC_HandleTestUnitReady
00014ced                _MSC_Open
00014dab                _MSC_OpenFullspeed
0001531e                _MSC_SetLunAttr
0001726f                _MSC_handleDataDirMisMatch
0001719b                _MSC_reqBotMscReset
00016f60                _MSC_reqGetDescriptor
00017209                _MSC_sendCswWithPhaseError
0001f1c3                _NAND_checkCommandStatus
0001f395                _NAND_disableHwECC
0001f26d                _NAND_enableHwECC
0001efab                _NAND_getBankInfo
0001f9a0                _NAND_hasCacheProg
0001f9d0                _NAND_hasCopyBack
0001f940                _NAND_hasRandomRead
0001f970                _NAND_hasRandomWrite
0001f0ac                _NAND_isStatusWriteProtected
0001f47a                _NAND_readECC
0001f62d                _NAND_readNBytes
0001f197                _NAND_sendCommand
0001f229                _NAND_setAddress
0001f06d                _NAND_setLatchEnableOffset
0001eddf                _NAND_setup
0001f74a                _NAND_writeNBytes
0001ec7e                _NOR_WriteNwords
0001ed38                _NOR_checkStatus
0001ebde                _NOR_readNwords
0001ed99                _NOR_sendCommand
            0001c731    _PG1_flag
            0001c730    _PG3_flag
            0001c72f    _PG4_flag
0002d134                _PLL_bypass
0002cf60                _PLL_config
0002d0b1                _PLL_enable
0002cf28                _PLL_init
0002d183                _PLL_reset
00030420                _ProgramPLL_100MHz
00029418                _RTC_bcdToDec
00028d5e                _RTC_config
000293da                _RTC_decToBcd
000292d7                _RTC_eventDisable
000291ec                _RTC_eventEnable
00028e47                _RTC_getConfig
00029028                _RTC_getDate
00029388                _RTC_getEventId
00028f6f                _RTC_getTime
00028d22                _RTC_reset
00029067                _RTC_setAlarm
00029456                _RTC_setCallback
000294e5                _RTC_setCompensation
00028fba                _RTC_setDate
00029138                _RTC_setPeriodicInterval
00028ef5                _RTC_setTime
00028d32                _RTC_start
00028d56                _RTC_stop
            0001a930    _ReadNBufs
00000100                _Reset
00027d70                _SAR_A2DMeasParamSet
000281ea                _SAR_GPODirSet
000278e7                _SAR_chanClose
0002796b                _SAR_chanConfig
00027c67                _SAR_chanCycSet
0002786a                _SAR_chanInit
00027885                _SAR_chanOpen
00027a53                _SAR_chanSetup
0002784a                _SAR_deInit
000279e1                _SAR_getConfig
000282c6                _SAR_getStatus
000277ed                _SAR_init
00027d2f                _SAR_readData
00027cb6                _SAR_startConversion
00027ce8                _SAR_stopConversion
00018270                _SDIO_clearResponse
000173f2                _SDIO_close
00017417                _SDIO_config
00017e88                _SDIO_deselectCard
000174ed                _SDIO_detectCard
00018642                _SDIO_eventDisable
0001841c                _SDIO_eventEnable
00017dc3                _SDIO_getRca
000180df                _SDIO_getResponse
000183b3                _SDIO_getSdioStatus
0001834c                _SDIO_getStatus
000172eb                _SDIO_init
00017857                _SDIO_initCard
00017329                _SDIO_open
00019350                _SDIO_readBlocks
00018acd                _SDIO_readBytes
000188a5                _SDIO_readSingleByte
00018870                _SDIO_readWaitDisable
00018838                _SDIO_readWaitEnable
00017cdb                _SDIO_resetCard
00017f48                _SDIO_selectCard
0001800b                _SDIO_sendCommand
00019c62                _SDIO_setClock
00019be2                _SDIO_setEndianMode
0001978e                _SDIO_writeBlocks
00018f10                _SDIO_writeBytes
000189d0                _SDIO_writeSingleByte
0001e220                _SDRAM_config
0001e62a                _SDRAM_disablePowerDownMode
0001e702                _SDRAM_disableSelfRefreshMode
0001e5b0                _SDRAM_enablePowerDownMode
0001e69e                _SDRAM_enableSelfRefreshMode
0001e763                _SDRAM_read
0001e7f9                _SDRAM_write
00013a60                _SD_configurePullup
00011bb2                _SD_getCardCsd
000115d6                _SD_sendAllCID
00011378                _SD_sendRca
0001389a                _SD_setBusWidth
0002b5a2                _SPI_close
0002b5ce                _SPI_config
0002b9f2                _SPI_dataTransaction
0002b832                _SPI_deInit
0002b544                _SPI_init
0002b56e                _SPI_open
0002b85e                _SPI_read
0002b922                _SPI_write
0002e653                _SYS_peripheralReset
0002e6e1                _SYS_setEBSR
0002e88c                _SYS_set_DSP_LDO_voltage
            0001b67e    _Test
00021741                _UART_config
00021a78                _UART_eventDisable
000219e0                _UART_eventEnable
00021db2                _UART_fgetc
00021ed5                _UART_fgets
00021e50                _UART_fputc
00022005                _UART_fputs
00022119                _UART_getConfig
000220f2                _UART_getEventId
00021208                _UART_init
00021b07                _UART_read
00021950                _UART_reset
00021995                _UART_resetOff
000221d6                _UART_setCallback
0002129a                _UART_setup
00021846                _UART_setupBaudRate
00021c30                _UART_write
0002f940                _UHPI_Close
0002f845                _UHPI_Config
0002f7d3                _UHPI_open
0001b7a3                _USB_abortAllTransaction
0001b642                _USB_abortTransaction
0001b091                _USB_bytesRemaining
0001b29b                _USB_clearEndptStall
0001a2f1                _USB_config
0001a6c5                _USB_configEndpt
0001b7f9                _USB_connectDev
0001bc86                _USB_coreEventProcessEp0
0001b830                _USB_disconnectDev
0001b505                _USB_epNumToHandle
0001bafe                _USB_findFifoSize
0001baa4                _USB_getDataCountReadFromFifo
0001b482                _USB_getEndptStall
0001ad1e                _USB_getEvents
0001b934                _USB_getFrameNo
0001ba59                _USB_getMaxPower
0001b88e                _USB_getRemoteWakeupStat
0001ae05                _USB_getSetupPacket
0001c14c                _USB_handleResumeIntr
0001a0f7                _USB_init
0001c189                _USB_intrHandler
0001b00a                _USB_isTransactionDone
0001b89e                _USB_issueRemoteWakeup
0001a20f                _USB_open
0001ad96                _USB_peekEvents
0001aead                _USB_postTransaction
0001a6a2                _USB_releaseEndpt
0001a609                _USB_requestEndpt
0001aadd                _USB_resetDev
0001b991                _USB_selfwakeup
0001b8e7                _USB_setDevAddr
0001ba71                _USB_setFullSpeedMode
0001b9f6                _USB_setParams
0001b864                _USB_setRemoteWakeup
0001b127                _USB_stallEndpt
0001b951                _USB_suspendDevice
00000200                _VECSTART
0002ec40                _WDTIM_close
0002ecb7                _WDTIM_config
0002ec12                _WDTIM_getCnt
0002ed21                _WDTIM_getConfig
0002eb0f                _WDTIM_open
0002ec84                _WDTIM_service
0002eb85                _WDTIM_start
0002ebcd                _WDTIM_stop
            0001de64    __CIOBUF_
            0001cf36    __STACK_END
00001000                __STACK_SIZE
00003f80                __SYSMEM_SIZE
00001000                __SYSSTACK_SIZE
00000001                __TI_args_main
ffffffff                ___binit__
            0001a92c    ___bss__
ffffffff                ___c_args__
            0001e062    ___cinit__
            00008000    ___data__
            00008000    ___edata__
            0001c736    ___end__
000312d8                ___etext__
00031250                ___isinf
ffffffff                ___pinit__
00010000                ___text__
0002ed6b                __addd
00030fc5                __args_main
000304d1                __buff_read
0002e4f5                __cleanup
            0001c728    __cleanup_ptr
0002f5aa                __cmpd
            0001da2f    __ctypes_
0002c7f3                __divd
00031169                __divi
000310a4                __divli
0002eada                __divlli
00031203                __divu
000306d0                __divul
0002e9e6                __divull
000302a4                __doflush
            0001c72a    __dtors_ptr
0002f576                __eqld
000311d9                __fixdi
00030b85                __fixdli
00030e11                __fltlid
00030a2a                __frcmpyd
00030aa0                __frcmpyd_div
            0001c40a    __ft_end
            0001c2f2    __ftable
0002f52c                __geqd
0002f4e1                __gtrd
0002f494                __leqd
            0001c724    __lock
0002f44c                __lssd
0002fd88                __mpyd
0003127e                __mpyli
0002e92e                __mpylli
000312b4                __negd
0002f418                __neqd
000312a1                __nop
00020f41                __printfi
00030247                __rd_ok
00031299                __register_lock
00031291                __register_unlock
00031188                __remi
00031010                __remli
0002e8ff                __remlli
00031218                __remu
00030b13                __remul
0002e8b1                __remull
00023afe                __scanfi
            0001c736    __stack
0003126a                __subd
            0001896c    __sys_memory
            0001cf36    __sysstack
            0001c36a    __tmpnams
            0001c726    __unlock
000301c7                __wrt_ok
000312ce                _abort
0002af2c                _add_device
00030e78                _atoi
00030f78                _auto_init
0002a2d2                _autoscroll
000311a5                _c_int00
            0001b246    _cached_phySector0
            0001b648    _cached_phySector1
            0001b64a    _cached_phySector2
            0001b64c    _cached_phySector3
0002c3fc                _calloc
0002c3f4                _chkheap
0002a18b                _clear
0002aeb9                _close
            0001c713    _col
            0001a92e    _count
            0001c2f0    _curConfigureNum
            0001c2f1    _curInterfaceNum
            0001c712    _dir
0002a3d2                _display
            0001b658    _dmaConfig
            0001b650    _dmaHandleRxL
            0001b652    _dmaHandleRxR
            0001b654    _dmaHandleTxL
            0001b656    _dmaHandleTxR
            0001b674    _dmaObj
0003105b                _dma_isr
            0001c734    _errno
0003112b                _exit
000309af                _fclose
0003030d                _fflush
00030771                _fgetc
0002aeb0                _find_registered_device
00029fb8                _flip
0002e618                _fopen
0003062a                _fputc
0002fac4                _fputs
0002bf6d                _free
0002c39e                _free_memory
0002e54f                _freopen
            0001c6d7    _fsError
0002fc63                _fscanf
00030d3c                _fseek
            0001a92c    _gCountRead
            0001a92f    _gDoneWrite
            0001c0b8    _gEpObj
            0001c004    _gEpStatus
            0001c6fe    _gI2cObj
            0001b244    _gNextPhySector
            0001b142    _gReadBuf
            0001c40b    _gUsbCdcWaitPacket
            0001be82    _gUsbContext
            0001c2d8    _gUsbEpHandle
            0001bf5c    _gUsbTransfer
            0001b243    _gWordCount
            0001b248    _gWriteBuf
            0001b140    _gWriteSector
0002d1ef                _getSysClk
00030771                _getc
000307fd                _getchar
            0001b666    _getdmaConfig
0002b01c                _getenv
            0001c732    _hI2s
            0001c70e    _i2cHandle
00030bf4                _i2cProbe
            0001c6d9    _i2c_timeout
            0001b680    _i2sDmaReadBufLeft
            0001ba80    _i2sDmaReadBufRight
00029e96                _init
000304a5                _initPlatform
0002ccbd                _initialise_i2c_interface
0002cbbf                _initialise_i2s_interface
0003057f                _initialize_button
0002cd3e                _initialize_codec
0002dc16                _initialize_dma
000300e3                _initialize_led
0002a42f                _initialize_oled
0002ae4a                _lseek
00030932                _ltoa
0002dbb2                _main
0002c09e                _malloc
0002c344                _max_free
0003122d                _memccpy
000310ec                _memcpy
0002c039                _minit
            0001c6da    _mmcsdCardExtCSD
            0001b64e    _nbuf_cached
0002a313                _noAutoscroll
0002a3c3                _noDisplay
00029e43                _oledInit
00029db1                _oled_display_I2C_init
0002ad8b                _open
            0001c6d8    _ouError
0002c457                _platform_uart_set_params
0002a0c2                _printchar
00030f28                _printf
0002a095                _printstr
0003062a                _putc
000306c1                _putchar
0002fbf9                _puts
0002acdd                _read
            0001c40d    _read_type
00030c62                _readmsg
0002c193                _realloc
000312c4                _remove
0002aca7                _remove_device
0002ac4e                _rename
0002a3e1                _resetCursor
            0001c715    _rolling0
            0001c716    _rolling1
            0001c711    _row
0002fc27                _scanf
0002a243                _scrollDisplayLeft
0002a275                _scrollDisplayLeftLine
0002a334                _scrollDisplayRight
0002a366                _scrollDisplayRightLine
            0001b242    _sectBuffered
            0001b130    _sector
000141ca                _sendCmd
00029f83                _setOrientation
0002a059                _setRolling
0002a002                _setline
0002fffd                _setvbuf
            0001b67d    _status
000312a3                _strlen
0002de78                _strtod
0002f210                _strtol
0002e135                _strtold
0002d5c6                _strtoll
0002f602                _strtoul
0002efc5                _strtoull
            0001be81    _sysCtrlRegs
            0001c710    _totalcols
            0001c40e    _uartObj
0002c6e5                _uart_initialisation
0003080c                _ungetc
0002ac1b                _unlink
            0001be80    _usbRegisters
00030da7                _vsprintf
0002aad9                _write
00030366                _writemsg
ffffffff                binit
            0001e062    cinit
            00008000    edata
            0001c736    end
000312d8                etext
ffffffff                pinit


GLOBAL SYMBOLS: SORTED BY Symbol Address 

abs. value/
byte addr   word addr   name
---------   ---------   ----
00000001                $TI_capability_requires_rev3
00000001                __TI_args_main
00000002                $TI_capability$C5500$CallingConvention
00000002                $TI_capability$C5500$MemoryModel
00000100                _Reset
00000200                RST
00000200                _VECSTART
00001000                __STACK_SIZE
00001000                __SYSSTACK_SIZE
00003f80                __SYSMEM_SIZE
            00008000    .data
00010000                .text
00010000                _MMC_init
            00008000    ___data__
            00008000    ___edata__
00010000                ___text__
            00008000    edata
00010027                _MMC_open
0001023e                _MMC_close
0001027d                _MMC_setCardType
000102b0                _MMC_setCardPtr
000102e2                _MMC_setCallBack
00010322                _MMC_getNumberOfCards
00010358                _MMC_clearResponse
00010431                _MMC_ierEnable
00010475                _MMC_ierDisable
000104a6                _MMC_intEnable
000104ce                _MMC_eventEnable
000106ca                _MMC_eventDisable
000108a2                _MMC_drrdy
000108ea                _MMC_dxrdy
0001092f                _MMC_saveStatus
0001096d                _MMC_getStatus
000109ce                _MMC_setupNative
00010a7f                _MMC_config
00010b19                _MMC_getConfig
00010bb6                _MMC_sendCmd
00010c93                _MMC_sendGoIdle
00010cf2                _MMC_stop
00010d72                _MMC_deselectCard
00010e02                _MMC_selectCard
00011229                _MMC_sendOpCond
000112cd                _MMC_setRca
00011378                _SD_sendRca
00011439                _MMC_sendAllCID
000115d6                _SD_sendAllCID
00011787                _MMC_getCardCsd
00011bb2                _SD_getCardCsd
0001215b                _MMC_read
000129eb                _MMC_write
00013445                _MMC_bootModeRead
00013584                _MMC_setDmaHandle
000135e4                _MMC_setDataTransferCallback
00013633                _MMC_setDmaChanConfig
00013710                _MMC_setEndianMode
00013795                _MMC_setBlockLength
000137e3                _MMC_setWriteBlkEraseCnt
0001389a                _SD_setBusWidth
00013991                _MMC_getCardStatus
00013a60                _SD_configurePullup
00013b26                _MMC_checkReadDmaDone
00013be9                _MMC_enableBootPartitionAccess
00013c58                _MMC_disableBootPartitionAccess
00013cb1                _MMC_bootPartitionEnable
00013d2b                _MMC_bootPartitionDisable
00013d84                _MMC_sendSwitchCmd
00013dc7                _MMC_enableBootMode
00013df8                _MMC_getBootPartitionSize
00013e2b                _MMC_setBootBusWidth
00013e95                _MMC_getCardExtCsd
000141ca                _sendCmd
00014324                _MMC_setEMMCBusWidth
00014398                _MMC_initCtrl
00014467                _MMC_configFifo
00014ced                _MSC_Open
00014dab                _MSC_OpenFullspeed
000152e6                _MSC_Close
0001531e                _MSC_SetLunAttr
0001550d                _MSC_Ctrl
00015703                _MSC_Bulk
00015807                _MSC_GetLunLockedStatus
00015835                _MSC_GetactivityFlagStatus
0001584f                _MSC_GetsuspendFlagStatus
00015d08                _MSC_HandleStateWaitForCBW
00015fb2                _MSC_ExecuteRead
0001639e                _MSC_ExecuteWrite
0001694b                _MSC_HandleTestUnitReady
00016b6e                _MSC_HandlePreventAllowMediaRemoval
00016d11                _MSC_HandleReadCapacity
00016f60                _MSC_reqGetDescriptor
0001719b                _MSC_reqBotMscReset
00017209                _MSC_sendCswWithPhaseError
0001726f                _MSC_handleDataDirMisMatch
000172eb                _SDIO_init
00017329                _SDIO_open
000173f2                _SDIO_close
00017417                _SDIO_config
000174ed                _SDIO_detectCard
00017857                _SDIO_initCard
00017cdb                _SDIO_resetCard
00017dc3                _SDIO_getRca
00017e88                _SDIO_deselectCard
00017f48                _SDIO_selectCard
0001800b                _SDIO_sendCommand
000180df                _SDIO_getResponse
00018270                _SDIO_clearResponse
0001834c                _SDIO_getStatus
000183b3                _SDIO_getSdioStatus
0001841c                _SDIO_eventEnable
00018642                _SDIO_eventDisable
00018838                _SDIO_readWaitEnable
00018870                _SDIO_readWaitDisable
000188a5                _SDIO_readSingleByte
000189d0                _SDIO_writeSingleByte
00018acd                _SDIO_readBytes
00018f10                _SDIO_writeBytes
00019350                _SDIO_readBlocks
0001978e                _SDIO_writeBlocks
00019be2                _SDIO_setEndianMode
00019c62                _SDIO_setClock
0001a0f7                _USB_init
0001a20f                _USB_open
0001a2f1                _USB_config
0001a609                _USB_requestEndpt
0001a6a2                _USB_releaseEndpt
0001a6c5                _USB_configEndpt
0001aadd                _USB_resetDev
0001ad1e                _USB_getEvents
0001ad96                _USB_peekEvents
0001ae05                _USB_getSetupPacket
0001aead                _USB_postTransaction
0001b00a                _USB_isTransactionDone
0001b091                _USB_bytesRemaining
0001b127                _USB_stallEndpt
0001b29b                _USB_clearEndptStall
0001b482                _USB_getEndptStall
0001b505                _USB_epNumToHandle
0001b642                _USB_abortTransaction
0001b7a3                _USB_abortAllTransaction
0001b7f9                _USB_connectDev
0001b830                _USB_disconnectDev
0001b864                _USB_setRemoteWakeup
0001b88e                _USB_getRemoteWakeupStat
0001b89e                _USB_issueRemoteWakeup
0001b8e7                _USB_setDevAddr
0001b934                _USB_getFrameNo
0001b951                _USB_suspendDevice
0001b991                _USB_selfwakeup
0001b9f6                _USB_setParams
0001ba59                _USB_getMaxPower
0001ba71                _USB_setFullSpeedMode
0001baa4                _USB_getDataCountReadFromFifo
0001bafe                _USB_findFifoSize
0001bc86                _USB_coreEventProcessEp0
0001c14c                _USB_handleResumeIntr
0001c189                _USB_intrHandler
0001c247                _DMA_init
0001c27e                _DMA_open
0001c36a                _DMA_close
0001c389                _DMA_config
0001d45d                _DMA_getConfig
0001db7c                _DMA_start
0001dc89                _DMA_stop
0001dd8a                _DMA_reset
0001e076                _DMA_swapWords
0001e0eb                _DMA_getLastTransferType
0001e197                _EMIF_init
0001e220                _SDRAM_config
0001e5b0                _SDRAM_enablePowerDownMode
0001e62a                _SDRAM_disablePowerDownMode
0001e69e                _SDRAM_enableSelfRefreshMode
0001e702                _SDRAM_disableSelfRefreshMode
0001e763                _SDRAM_read
0001e7f9                _SDRAM_write
0001e885                _EMIF_asyncConfig
0001ebde                _NOR_readNwords
0001ec7e                _NOR_WriteNwords
0001ed38                _NOR_checkStatus
0001ed99                _NOR_sendCommand
0001eddf                _NAND_setup
0001efab                _NAND_getBankInfo
0001f06d                _NAND_setLatchEnableOffset
0001f0ac                _NAND_isStatusWriteProtected
0001f197                _NAND_sendCommand
0001f1c3                _NAND_checkCommandStatus
0001f229                _NAND_setAddress
0001f26d                _NAND_enableHwECC
0001f395                _NAND_disableHwECC
0001f47a                _NAND_readECC
0001f62d                _NAND_readNBytes
0001f74a                _NAND_writeNBytes
0001f940                _NAND_hasRandomRead
0001f970                _NAND_hasRandomWrite
0001f9a0                _NAND_hasCacheProg
0001f9d0                _NAND_hasCopyBack
0001fa00                _EMIF_intrEnable
0001fa5f                _EMIF_intrDisable
0001fabe                _EMIF_intrReadAT
0001fafd                _EMIF_intrReadLT
0001fb3e                _EMIF_intrReadWR
0001fb80                _EMIF_intrClear
00020f41                __printfi
00021208                _UART_init
0002129a                _UART_setup
00021741                _UART_config
00021846                _UART_setupBaudRate
00021950                _UART_reset
00021995                _UART_resetOff
000219e0                _UART_eventEnable
00021a78                _UART_eventDisable
00021b07                _UART_read
00021c30                _UART_write
00021db2                _UART_fgetc
00021e50                _UART_fputc
00021ed5                _UART_fgets
00022005                _UART_fputs
000220f2                _UART_getEventId
00022119                _UART_getConfig
000221d6                _UART_setCallback
000222fb                _CDC_Open
0002238b                _CDC_OpenFullspeed
00022429                _CDC_Setup
000226d2                _CDC_Close
0002270a                _CDC_GetactivityFlagStatus
00022721                _CDC_GetsuspendFlagStatus
00022738                _CDC_eventHandler
00022a56                _CDC_bulkOutHandler
00022bb6                _CDC_bulkInHandler
00022eac                _CDC_getData
00022f3a                _CDC_putData
00023afe                __scanfi
0002407e                _AC_Open
000243e2                _AC_Close
0002441a                _AC_Ctrl
00024610                _AC_Iso
000246ae                _AC_GetactivityFlagStatus
000246c8                _AC_GetsuspendFlagStatus
000246df                _AC_initDescriptors
00024990                _AC_reqGetDescriptor
00024b6c                _AC_reqSetCurrent
00024c49                _AC_reqGetCurrent
00024d0e                _AC_reqGetMinimum
00024d56                _AC_reqGetMaximum
00024d9e                _AC_reqGetResolution
00024de6                _AC_reqSetInterface
00024e9f                _I2C_init
00024f48                _I2C_config
000250ad                _I2C_getConfig
00025183                _I2C_setup
0002537d                _I2C_write
000255d0                _I2C_read
00025a32                _I2C_eventEnable
00025b66                _I2C_eventDisable
00025c85                _I2C_setCallback
00025d12                _I2C_getEventId
00025d2e                _DAT_open
00025e05                _DAT_close
00025f99                _DAT_copy
00026493                _DAT_fill
000269a3                _DAT_wait
00026aec                _MMC_initState
00026c2f                _MMC_readWriteControl
00026f4d                _MMC_issueReadCommand
00027238                _MMC_readNextWord
000272a7                _MMC_readNextWord1
00027319                _MMC_readNextNWords
00027387                _MMC_writeSector
0002747a                _MMC_readNSectors
0002756d                _MMC_writeNSectors
00027684                _MMC_read_CID
000276f0                _MMC_read_CSD
0002775c                _MMC_writeSectorFlush
00027767                _MMC_commandReadyStatusCheck
00027772                _MMC_dataReadyStatusCheck
0002777d                _MMC_busyStatusCheck
00027788                _MMC_getSerialID
00027796                _MMC_file_system_format
000277a1                _MMC_reset
000277ac                _MMC_get_time
000277b0                _MMC_get_mod_time
000277b4                _MMC_get_date
000277b8                _MMC_get_mod_date
000277bc                _MMC_flushFat
000277ed                _SAR_init
0002784a                _SAR_deInit
0002786a                _SAR_chanInit
00027885                _SAR_chanOpen
000278e7                _SAR_chanClose
0002796b                _SAR_chanConfig
000279e1                _SAR_getConfig
00027a53                _SAR_chanSetup
00027c67                _SAR_chanCycSet
00027cb6                _SAR_startConversion
00027ce8                _SAR_stopConversion
00027d2f                _SAR_readData
00027d70                _SAR_A2DMeasParamSet
000281ea                _SAR_GPODirSet
000282c6                _SAR_getStatus
00028305                _I2S_open
00028404                _I2S_setup
000286eb                _I2S_close
00028796                _I2S_read
00028a50                _I2S_write
00028ba6                _I2S_reset
00028c51                _I2S_transEnable
00028d22                _RTC_reset
00028d32                _RTC_start
00028d56                _RTC_stop
00028d5e                _RTC_config
00028e47                _RTC_getConfig
00028ef5                _RTC_setTime
00028f6f                _RTC_getTime
00028fba                _RTC_setDate
00029028                _RTC_getDate
00029067                _RTC_setAlarm
00029138                _RTC_setPeriodicInterval
000291ec                _RTC_eventEnable
000292d7                _RTC_eventDisable
00029388                _RTC_getEventId
000293da                _RTC_decToBcd
00029418                _RTC_bcdToDec
00029456                _RTC_setCallback
000294e5                _RTC_setCompensation
00029531                _LCD_init
00029552                _LCD_open
00029594                _LCD_setup
00029996                _LCD_configDMA
00029ce6                _LCD_close
00029d06                _C55x_wait
00029db1                _oled_display_I2C_init
00029e43                _oledInit
00029e96                _init
00029f83                _setOrientation
00029fb8                _flip
0002a002                _setline
0002a059                _setRolling
0002a095                _printstr
0002a0c2                _printchar
0002a18b                _clear
0002a243                _scrollDisplayLeft
0002a275                _scrollDisplayLeftLine
0002a2d2                _autoscroll
0002a313                _noAutoscroll
0002a334                _scrollDisplayRight
0002a366                _scrollDisplayRightLine
0002a3c3                _noDisplay
0002a3d2                _display
0002a3e1                _resetCursor
0002a42f                _initialize_oled
0002a44c                _GPIO_open
0002a490                _GPIO_close
0002a4b4                _GPIO_config
0002a539                _GPIO_getConfig
0002a5c1                _GPIO_read
0002a644                _GPIO_write
0002a6e7                _GPIO_configBit
0002a82f                _GPIO_disableInt
0002a8ad                _GPIO_enableInt
0002a937                _GPIO_clearInt
0002a9c3                _GPIO_statusBit
0002aa4a                _GPIO_reset
0002aad9                _write
0002ac1b                _unlink
0002ac4e                _rename
0002aca7                _remove_device
0002acdd                _read
0002ad8b                _open
0002ae4a                _lseek
0002aeb0                _find_registered_device
0002aeb9                _close
0002af2c                _add_device
0002b01c                _getenv
0002b097                _HOSTwrite
0002b124                _HOSTunlink
0002b18e                _HOSTtime
0002b1ec                _HOSTrename
0002b29a                _HOSTread
0002b327                _HOSTopen
0002b3c6                _HOSTlseek
0002b47b                _HOSTclose
0002b4e6                _HOSTclock
0002b544                _SPI_init
0002b56e                _SPI_open
0002b5a2                _SPI_close
0002b5ce                _SPI_config
0002b832                _SPI_deInit
0002b85e                _SPI_read
0002b922                _SPI_write
0002b9f2                _SPI_dataTransaction
0002ba65                _IRQ_init
0002baed                _IRQ_clear
0002bb40                _IRQ_clearAll
0002bb50                _IRQ_config
0002bbd5                _IRQ_getConfig
0002bc5d                _IRQ_disable
0002bcdb                _IRQ_disableAll
0002bce9                _IRQ_enable
0002bd73                _IRQ_restore
0002bde3                _IRQ_getArg
0002be27                _IRQ_setArg
0002be58                _IRQ_map
0002be84                _IRQ_setVecs
0002beb5                _IRQ_test
0002bf27                _IRQ_globalDisable
0002bf40                _IRQ_globalEnable
0002bf59                _IRQ_globalRestore
0002bf6d                _free
0002c039                _minit
0002c09e                _malloc
0002c193                _realloc
0002c344                _max_free
0002c39e                _free_memory
0002c3f4                _chkheap
0002c3fc                _calloc
0002c422                _C55x_delay_msec
0002c457                _platform_uart_set_params
0002c4af                _C55x_msgReadConfigure
0002c4c7                _C55x_msgRead
0002c56b                _C55x_msgWriteConfigure
0002c583                _C55x_msgWrite
0002c64c                _C55x_getSysClk
0002c6e5                _uart_initialisation
0002c7f3                __divd
0002cbbf                _initialise_i2s_interface
0002cc21                _I2S_readLeft
0002cc53                _I2S_writeLeft
0002cc80                _I2S_readRight
0002cca1                _I2S_writeRight
0002ccbd                _initialise_i2c_interface
0002ccf5                _AIC3206_write
0002cd3e                _initialize_codec
0002cf28                _PLL_init
0002cf60                _PLL_config
0002d0b1                _PLL_enable
0002d134                _PLL_bypass
0002d183                _PLL_reset
0002d1ef                _getSysClk
0002d288                _MEM_init
0002d28c                _MEM_enableRetentionMode
0002d2cf                _MEM_disableRetentionMode
0002d312                _MEM_enablePartialRetentionMode
0002d45a                _MEM_disablePartialRetentionMode
0002d57c                _MEM_setmSDRAMClock
0002d5b5                _MEM_getmSDRAMClock
0002d5c6                _strtoll
0002d8c7                _GPT_open
0002d98a                _GPT_reset
0002da04                _GPT_close
0002da79                _GPT_start
0002daa6                _GPT_stop
0002dad0                _GPT_getCnt
0002db0b                _GPT_config
0002dbb2                _main
0002dc16                _initialize_dma
0002de78                _strtod
0002e135                _strtold
0002e4f5                __cleanup
0002e54f                _freopen
0002e618                _fopen
0002e653                _SYS_peripheralReset
0002e6e1                _SYS_setEBSR
0002e88c                _SYS_set_DSP_LDO_voltage
0002e8b1                __remull
0002e8ff                __remlli
0002e92e                __mpylli
0002e9e6                __divull
0002eada                __divlli
0002eb0f                _WDTIM_open
0002eb85                _WDTIM_start
0002ebcd                _WDTIM_stop
0002ec12                _WDTIM_getCnt
0002ec40                _WDTIM_close
0002ec84                _WDTIM_service
0002ecb7                _WDTIM_config
0002ed21                _WDTIM_getConfig
0002ed6b                __addd
0002efc5                _strtoull
0002f210                _strtol
0002f418                __neqd
0002f44c                __lssd
0002f494                __leqd
0002f4e1                __gtrd
0002f52c                __geqd
0002f576                __eqld
0002f5aa                __cmpd
0002f602                _strtoul
0002f7d3                _UHPI_open
0002f845                _UHPI_Config
0002f940                _UHPI_Close
0002f960                _EVM5515_GPIO_init
0002f964                _EVM5515_GPIO_setDirection
0002f9ef                _EVM5515_GPIO_setOutput
0002fa6c                _EVM5515_GPIO_getInput
0002fac4                _fputs
0002fbf9                _puts
0002fc27                _scanf
0002fc63                _fscanf
0002fd88                __mpyd
0002fed4                _EVM5515_I2C_init
0002fef3                _EVM5515_I2C_close
0002fefc                _EVM5515_I2C_reset
0002ff0a                _EVM5515_I2C_write
0002ff84                _EVM5515_I2C_read
0002fffd                _setvbuf
000300e3                _initialize_led
000301c7                __wrt_ok
00030247                __rd_ok
000302a4                __doflush
0003030d                _fflush
00030366                _writemsg
0003041b                C$$IO$$
00030420                _ProgramPLL_100MHz
000304a5                _initPlatform
000304d1                __buff_read
0003057f                _initialize_button
0003062a                _fputc
0003062a                _putc
000306c1                _putchar
000306d0                __divul
00030771                _fgetc
00030771                _getc
000307fd                _getchar
0003080c                _ungetc
000308a6                _IRQ_plug
00030932                _ltoa
000309af                _fclose
00030a2a                __frcmpyd
00030aa0                __frcmpyd_div
00030b13                __remul
00030b85                __fixdli
00030bf4                _i2cProbe
00030c62                _readmsg
00030d3c                _fseek
00030da7                _vsprintf
00030e11                __fltlid
00030e78                _atoi
00030ed4                _EVM5515_wait
00030f08                _EVM5515_waitusec
00030f1a                _EVM5515_init
00030f28                _printf
00030f78                _auto_init
00030fc5                __args_main
00031010                __remli
0003105b                _dma_isr
000310a4                __divli
000310ec                _memcpy
0003112b                _exit
00031169                I$$DIV
00031169                __divi
00031188                I$$MOD
00031188                __remi
000311a5                _c_int00
000311d9                __fixdi
00031203                I$$UDIV
00031203                __divu
00031218                I$$UMOD
00031218                __remu
0003122d                _memccpy
00031250                ___isinf
0003126a                __subd
0003127e                I$$LMPY
0003127e                __mpyli
00031291                __register_unlock
00031299                __register_lock
000312a1                __nop
000312a3                _strlen
000312b4                __negd
000312c4                _remove
000312ce                _abort
000312cf                C$$EXIT
000312d8                ___etext__
            0001896c    __sys_memory
000312d8                etext
            0001a92c    .bss
            0001a92c    ___bss__
            0001a92c    _gCountRead
            0001a92e    _count
            0001a92f    _gDoneWrite
            0001a930    _ReadNBufs
            0001b130    _sector
            0001b140    _gWriteSector
            0001b142    _gReadBuf
            0001b242    _sectBuffered
            0001b243    _gWordCount
            0001b244    _gNextPhySector
            0001b246    _cached_phySector0
            0001b248    _gWriteBuf
            0001b648    _cached_phySector1
            0001b64a    _cached_phySector2
            0001b64c    _cached_phySector3
            0001b64e    _nbuf_cached
            0001b64f    _ATA_No_Swap
            0001b650    _dmaHandleRxL
            0001b652    _dmaHandleRxR
            0001b654    _dmaHandleTxL
            0001b656    _dmaHandleTxR
            0001b658    _dmaConfig
            0001b666    _getdmaConfig
            0001b674    _dmaObj
            0001b67d    _status
            0001b67e    _Test
            0001b680    _i2sDmaReadBufLeft
            0001ba80    _i2sDmaReadBufRight
            0001be80    _usbRegisters
            0001be81    _sysCtrlRegs
            0001be82    _gUsbContext
            0001bf5c    _gUsbTransfer
            0001c004    _gEpStatus
            0001c0b8    _gEpObj
            0001c2d8    _gUsbEpHandle
            0001c2f0    _curConfigureNum
            0001c2f1    _curInterfaceNum
            0001c2f2    __ftable
            0001c36a    __tmpnams
            0001c40a    __ft_end
            0001c40b    _gUsbCdcWaitPacket
            0001c40d    _read_type
            0001c40e    _uartObj
            0001c6d7    _fsError
            0001c6d8    _ouError
            0001c6d9    _i2c_timeout
            0001c6da    _mmcsdCardExtCSD
            0001c6fe    _gI2cObj
            0001c70e    _i2cHandle
            0001c710    _totalcols
            0001c711    _row
            0001c712    _dir
            0001c713    _col
            0001c715    _rolling0
            0001c716    _rolling1
            0001c718    _FontBitmap
            0001c71a    _FontDescriptors
            0001c71c    _FontInfo
            0001c724    __lock
            0001c726    __unlock
            0001c728    __cleanup_ptr
            0001c72a    __dtors_ptr
            0001c72f    _PG4_flag
            0001c730    _PG3_flag
            0001c731    _PG1_flag
            0001c732    _hI2s
            0001c734    _errno
            0001c736    ___end__
            0001c736    __stack
            0001c736    end
            0001cf36    __STACK_END
            0001cf36    __sysstack
            0001da2f    __ctypes_
            0001de64    __CIOBUF_
            0001e062    ___cinit__
            0001e062    cinit
ffffffff                ___binit__
ffffffff                ___c_args__
ffffffff                ___pinit__
ffffffff                binit
ffffffff                pinit

[656 symbols]
